[r.mobirisesite.com/1210606/assets/images/photo-1629904853716-f0bc54eea481.jpg]
[backblue.gif]
[fade.gif]
[index.html]
[r.mobirisesite.com/1210606/assets/web/assets/mobirise-icons2/mobirise2d3bc.css]
[r.mobirisesite.com/1210606/assets/bootstrap/css/bootstrap.mind3bc.css]
[r.mobirisesite.com/1210606/assets/bootstrap/css/bootstrap-grid.mind3bc.css]
[r.mobirisesite.com/1210606/assets/bootstrap/css/bootstrap-reboot.mind3bc.css]
[r.mobirisesite.com/1210606/assets/parallax/jarallaxd3bc.css]
[r.mobirisesite.com/1210606/assets/dropdown/css/styled3bc.css]
[r.mobirisesite.com/1210606/assets/socicon/css/stylesd3bc.css]
[r.mobirisesite.com/1210606/assets/theme/css/styled3bc.css]
[r.mobirisesite.com/1210606/assets/recaptchad3bc.css]
[r.mobirisesite.com/1210606/assets/css/mbr-additionald3bc.css]
[r.mobirisesite.com/1210606/assets/images/photo-1599566150163-29194dcaad36.jpg]
[r.mobirisesite.com/1210606/assets/images/photo-1615065591984-6800446436a1.jpg]
[r.mobirisesite.com/1210606/assets/images/photo-1638868939857-11ac407b347a.jpg]
[r.mobirisesite.com/1210606/assets/images/photo-1677520338280-664ae23816eb.jpg]
[r.mobirisesite.com/1210606/assets/images/photo-1510511459019-5dda7724fd87.jpg]
[r.mobirisesite.com/1210606/assets/images/photo-1616531770192-6eaea74c2456.jpg]
[r.mobirisesite.com/1210606/assets/images/photo-1550751827-4bd374c3f58b.jpg]
[r.mobirisesite.com/1210606/assets/images/photo-1584433144697-205892243f4d.jpg]
[r.mobirisesite.com/1210606/assets/images/photo-1694026307715-0d3709e69adf.jpg]
[r.mobirisesite.com/1210606/assets/images/photo-1626882048554-d950f9784496.jpg]
[r.mobirisesite.com/1210606/assets/images/photo-1520975916090-3105956dac38.jpg]
[r.mobirisesite.com/1210606/assets/images/photo-1643029950351-6ae7f69186fc.jpg]
[r.mobirisesite.com/1210606/assets/images/photo-1557684387-08927d28c72a.jpg]
[r.mobirisesite.com/1210606/assets/images/photo-1676385901160-31e1b9e1c0c7.jpg]
[r.mobirisesite.com/1210606/assets/images/photo-1529612700005-e35377bf1415.jpg]
[r.mobirisesite.com/1210606/assets/images/photo-1651044450619-5ce74d316987.jpg]
[r.mobirisesite.com/1210606/assets/images/photo-1681415851723-dca11d0ec9a6.jpg]
[r.mobirisesite.com/1210606/assets/images/photo-1646825461394-ebd1800141d1.jpg]
[r.mobirisesite.com/1210606/assets/images/photo-1606136968306-ab2868cc1f21.jpg]
[r.mobirisesite.com/1210606/assets/images/photo-1596622723231-b20320c7346b.jpg]
[r.mobirisesite.com/1210606/assets/images/photo-1598970434795-0c54fe7c0648.jpg]
[r.mobirisesite.com/1210606/assets/images/photo-1616596871445-bb8290a7a2c2.jpg]
[r.mobirisesite.com/1210606/assets/images/photo-1626908013943-df94de54984c.jpg]
[r.mobirisesite.com/1210606/assets/images/photo-1567881248445-83ead68a44d8.jpg]
[r.mobirisesite.com/1210606/assets/web/assets/jquery/jquery.mind3bc.js]
[r.mobirisesite.com/1210606/assets/bootstrap/js/bootstrap.bundle.mind3bc.js]
[r.mobirisesite.com/1210606/assets/parallax/jarallaxd3bc.js]
[r.mobirisesite.com/1210606/assets/smoothscroll/smooth-scrolld3bc.js]
[r.mobirisesite.com/1210606/assets/ytplayer/indexd3bc.js]
[r.mobirisesite.com/1210606/assets/dropdown/js/navbar-dropdownd3bc.js]
[r.mobirisesite.com/1210606/assets/vimeoplayer/playerd3bc.js]
[r.mobirisesite.com/1210606/assets/scrollgallery/scroll-galleryd3bc.js]
[r.mobirisesite.com/1210606/assets/theme/js/scriptd3bc.js]
[mrguardy.mobirisesite.com/index.html]
[r.mobirisesite.com/1210606/assets/formoid.mind3bc.js]
[r.mobirisesite.com/1210606/assets/web/assets/mobirise-icons2/mobirise21e04.eot]
[r.mobirisesite.com/1210606/assets/web/assets/mobirise-icons2/mobirise21e04.ttf]
[r.mobirisesite.com/1210606/assets/web/assets/mobirise-icons2/mobirise21e04.woff]
[r.mobirisesite.com/1210606/assets/web/assets/mobirise-icons2/mobirise2d3bc.css]
[r.mobirisesite.com/1210606/assets/bootstrap/css/bootstrap.mind3bc.css]
[r.mobirisesite.com/1210606/assets/bootstrap/css/bootstrap-grid.mind3bc.css]
[r.mobirisesite.com/1210606/assets/bootstrap/css/bootstrap-reboot.mind3bc.css]
[r.mobirisesite.com/1210606/assets/parallax/jarallaxd3bc.css]
[r.mobirisesite.com/1210606/assets/dropdown/css/styled3bc.css]
[r.mobirisesite.com/1210606/assets/socicon/css/stylesd3bc.css]
[r.mobirisesite.com/1210606/assets/theme/css/styled3bc.css]
[r.mobirisesite.com/1210606/assets/recaptchad3bc.css]
[r.mobirisesite.com/1210606/assets/web/assets/mobirise-icons2/mobirise21e04.svg]
[r.mobirisesite.com/1210606/assets/images/background127f9.jpg]
[r.mobirisesite.com/1210606/assets/images/photo-1605918321371-584f5deab0a2.jpg]
[r.mobirisesite.com/1210606/assets/images/photo-1574790398664-0cb03682ed1c.jpg]
[r.mobirisesite.com/1210606/assets/css/mbr-additionald3bc.css]
[r.mobirisesite.com/1210606/assets/mbr-switch-arrow/mbr-switch-arrowd3bc.js]
[r.mobirisesite.com/1210606/assets/web/assets/mobirise-icons2/mobirise21e04.svg]
